[2025-07-06T01:47:54.558+0000] {local_task_job_runner.py:123} INFO - ::group::Pre task execution logs
[2025-07-06T01:47:54.575+0000] {taskinstance.py:2612} INFO - Dependencies all met for dep_context=non-requeueable deps ti=<TaskInstance: extract_raw_data_pipeline.run_dbt_trusted manual__2025-07-06T01:47:42.850701+00:00 [queued]>
[2025-07-06T01:47:54.582+0000] {taskinstance.py:2612} INFO - Dependencies all met for dep_context=requeueable deps ti=<TaskInstance: extract_raw_data_pipeline.run_dbt_trusted manual__2025-07-06T01:47:42.850701+00:00 [queued]>
[2025-07-06T01:47:54.583+0000] {taskinstance.py:2865} INFO - Starting attempt 1 of 1
[2025-07-06T01:47:54.598+0000] {taskinstance.py:2888} INFO - Executing <Task(BashOperator): run_dbt_trusted> on 2025-07-06 01:47:42.850701+00:00
[2025-07-06T01:47:54.608+0000] {warnings.py:112} WARNING - /home/***/.local/lib/python3.12/site-packages/***/task/task_runner/standard_task_runner.py:70: DeprecationWarning: This process (pid=2133) is multi-threaded, use of fork() may lead to deadlocks in the child.
  pid = os.fork()

[2025-07-06T01:47:54.610+0000] {standard_task_runner.py:72} INFO - Started process 2135 to run task
[2025-07-06T01:47:54.610+0000] {standard_task_runner.py:104} INFO - Running: ['***', 'tasks', 'run', 'extract_raw_data_pipeline', 'run_dbt_trusted', 'manual__2025-07-06T01:47:42.850701+00:00', '--job-id', '50', '--raw', '--subdir', 'DAGS_FOLDER/driven_data_pipeline.py', '--cfg-path', '/tmp/tmpwpebdeob']
[2025-07-06T01:47:54.611+0000] {standard_task_runner.py:105} INFO - Job 50: Subtask run_dbt_trusted
[2025-07-06T01:47:54.675+0000] {task_command.py:467} INFO - Running <TaskInstance: extract_raw_data_pipeline.run_dbt_trusted manual__2025-07-06T01:47:42.850701+00:00 [running]> on host 3f39a0c54de0
[2025-07-06T01:47:54.762+0000] {taskinstance.py:3131} INFO - Exporting env vars: AIRFLOW_CTX_DAG_OWNER='***' AIRFLOW_CTX_DAG_ID='extract_raw_data_pipeline' AIRFLOW_CTX_TASK_ID='run_dbt_trusted' AIRFLOW_CTX_EXECUTION_DATE='2025-07-06T01:47:42.850701+00:00' AIRFLOW_CTX_TRY_NUMBER='1' AIRFLOW_CTX_DAG_RUN_ID='manual__2025-07-06T01:47:42.850701+00:00'
[2025-07-06T01:47:54.763+0000] {taskinstance.py:731} INFO - ::endgroup::
[2025-07-06T01:47:54.776+0000] {subprocess.py:63} INFO - Tmp dir root location: /tmp
[2025-07-06T01:47:54.777+0000] {subprocess.py:75} INFO - Running command: ['/usr/bin/bash', '-c', 'set -x; cd /opt/***/dbt && dbt run --select tag:trusted']
[2025-07-06T01:47:54.792+0000] {subprocess.py:86} INFO - Output:
[2025-07-06T01:47:54.794+0000] {subprocess.py:93} INFO - + cd /opt/***/dbt
[2025-07-06T01:47:54.795+0000] {subprocess.py:93} INFO - + dbt run --select tag:trusted
[2025-07-06T01:47:56.912+0000] {subprocess.py:93} INFO - [0m01:47:56  Running with dbt=1.8.0
[2025-07-06T01:47:57.208+0000] {subprocess.py:93} INFO - [0m01:47:57  Registered adapter: postgres=1.8.2
[2025-07-06T01:47:57.729+0000] {subprocess.py:93} INFO - [0m01:47:57  Found 9 models, 10 sources, 428 macros
[2025-07-06T01:47:57.731+0000] {subprocess.py:93} INFO - [0m01:47:57
[2025-07-06T01:47:57.862+0000] {subprocess.py:93} INFO - [0m01:47:57  Concurrency: 1 threads (target='dev')
[2025-07-06T01:47:57.863+0000] {subprocess.py:93} INFO - [0m01:47:57
[2025-07-06T01:47:57.876+0000] {subprocess.py:93} INFO - [0m01:47:57  1 of 4 START sql table model driven_trusted.non_pii_data ....................... [RUN]
[2025-07-06T01:47:58.717+0000] {subprocess.py:93} INFO - [0m01:47:58  1 of 4 OK created sql table model driven_trusted.non_pii_data .................. [[32mSELECT 21276[0m in 0.84s]
[2025-07-06T01:47:58.720+0000] {subprocess.py:93} INFO - [0m01:47:58  2 of 4 START sql table model driven_trusted.payment_data ....................... [RUN]
[2025-07-06T01:47:58.878+0000] {subprocess.py:93} INFO - [0m01:47:58  2 of 4 OK created sql table model driven_trusted.payment_data .................. [[32mSELECT 21276[0m in 0.16s]
[2025-07-06T01:47:58.881+0000] {subprocess.py:93} INFO - [0m01:47:58  3 of 4 START sql table model driven_trusted.pii_data ........................... [RUN]
[2025-07-06T01:47:59.771+0000] {subprocess.py:93} INFO - [0m01:47:59  3 of 4 OK created sql table model driven_trusted.pii_data ...................... [[32mSELECT 21276[0m in 0.89s]
[2025-07-06T01:47:59.773+0000] {subprocess.py:93} INFO - [0m01:47:59  4 of 4 START sql table model driven_trusted.technical_data ..................... [RUN]
[2025-07-06T01:48:00.005+0000] {subprocess.py:93} INFO - [0m01:48:00  4 of 4 OK created sql table model driven_trusted.technical_data ................ [[32mSELECT 21276[0m in 0.23s]
[2025-07-06T01:48:00.024+0000] {subprocess.py:93} INFO - [0m01:48:00
[2025-07-06T01:48:00.025+0000] {subprocess.py:93} INFO - [0m01:48:00  Finished running 4 table models in 0 hours 0 minutes and 2.29 seconds (2.29s).
[2025-07-06T01:48:00.083+0000] {subprocess.py:93} INFO - [0m01:48:00
[2025-07-06T01:48:00.084+0000] {subprocess.py:93} INFO - [0m01:48:00  [32mCompleted successfully[0m
[2025-07-06T01:48:00.084+0000] {subprocess.py:93} INFO - [0m01:48:00
[2025-07-06T01:48:00.085+0000] {subprocess.py:93} INFO - [0m01:48:00  Done. PASS=4 WARN=0 ERROR=0 SKIP=0 TOTAL=4
[2025-07-06T01:48:00.653+0000] {subprocess.py:97} INFO - Command exited with return code 0
[2025-07-06T01:48:00.684+0000] {taskinstance.py:340} INFO - ::group::Post task execution logs
[2025-07-06T01:48:00.684+0000] {taskinstance.py:352} INFO - Marking task as SUCCESS. dag_id=extract_raw_data_pipeline, task_id=run_dbt_trusted, run_id=manual__2025-07-06T01:47:42.850701+00:00, execution_date=20250706T014742, start_date=20250706T014754, end_date=20250706T014800
[2025-07-06T01:48:00.738+0000] {local_task_job_runner.py:266} INFO - Task exited with return code 0
[2025-07-06T01:48:00.752+0000] {taskinstance.py:3900} INFO - 0 downstream tasks scheduled from follow-on schedule check
[2025-07-06T01:48:00.756+0000] {local_task_job_runner.py:245} INFO - ::endgroup::
