[2025-07-06T01:42:43.884+0000] {local_task_job_runner.py:123} INFO - ::group::Pre task execution logs
[2025-07-06T01:42:43.902+0000] {taskinstance.py:2612} INFO - Dependencies all met for dep_context=non-requeueable deps ti=<TaskInstance: extract_raw_data_pipeline.extract_raw_data manual__2025-07-06T01:42:42.316720+00:00 [queued]>
[2025-07-06T01:42:43.908+0000] {taskinstance.py:2612} INFO - Dependencies all met for dep_context=requeueable deps ti=<TaskInstance: extract_raw_data_pipeline.extract_raw_data manual__2025-07-06T01:42:42.316720+00:00 [queued]>
[2025-07-06T01:42:43.909+0000] {taskinstance.py:2865} INFO - Starting attempt 1 of 1
[2025-07-06T01:42:43.924+0000] {taskinstance.py:2888} INFO - Executing <Task(PythonOperator): extract_raw_data> on 2025-07-06 01:42:42.316720+00:00
[2025-07-06T01:42:43.933+0000] {warnings.py:112} WARNING - /home/***/.local/lib/python3.12/site-packages/***/task/task_runner/standard_task_runner.py:70: DeprecationWarning: This process (pid=1926) is multi-threaded, use of fork() may lead to deadlocks in the child.
  pid = os.fork()

[2025-07-06T01:42:43.936+0000] {standard_task_runner.py:72} INFO - Started process 1930 to run task
[2025-07-06T01:42:43.936+0000] {standard_task_runner.py:104} INFO - Running: ['***', 'tasks', 'run', 'extract_raw_data_pipeline', 'extract_raw_data', 'manual__2025-07-06T01:42:42.316720+00:00', '--job-id', '33', '--raw', '--subdir', 'DAGS_FOLDER/driven_data_pipeline.py', '--cfg-path', '/tmp/tmp0xw4scoe']
[2025-07-06T01:42:43.938+0000] {standard_task_runner.py:105} INFO - Job 33: Subtask extract_raw_data
[2025-07-06T01:42:44.011+0000] {task_command.py:467} INFO - Running <TaskInstance: extract_raw_data_pipeline.extract_raw_data manual__2025-07-06T01:42:42.316720+00:00 [running]> on host 3f39a0c54de0
[2025-07-06T01:42:44.099+0000] {taskinstance.py:3131} INFO - Exporting env vars: AIRFLOW_CTX_DAG_OWNER='***' AIRFLOW_CTX_DAG_ID='extract_raw_data_pipeline' AIRFLOW_CTX_TASK_ID='extract_raw_data' AIRFLOW_CTX_EXECUTION_DATE='2025-07-06T01:42:42.316720+00:00' AIRFLOW_CTX_TRY_NUMBER='1' AIRFLOW_CTX_DAG_RUN_ID='manual__2025-07-06T01:42:42.316720+00:00'
[2025-07-06T01:42:44.100+0000] {taskinstance.py:731} INFO - ::endgroup::
[2025-07-06T01:42:44.117+0000] {driven_data_pipeline.py:152} INFO - Started batch processing for 2025-07-06.
[2025-07-06T01:42:44.117+0000] {driven_data_pipeline.py:34} INFO - Created synthetic data for MX country code.
[2025-07-06T01:42:44.361+0000] {driven_data_pipeline.py:100} INFO - Written 660 records to the CSV file.
[2025-07-06T01:42:44.439+0000] {driven_data_pipeline.py:125} INFO - Added UUID to the dataset.
[2025-07-06T01:42:44.480+0000] {driven_data_pipeline.py:144} INFO - Updated accessed timestamp.
[2025-07-06T01:42:44.481+0000] {driven_data_pipeline.py:160} INFO - Finished batch processing 2025-07-06.
[2025-07-06T01:42:44.482+0000] {python.py:240} INFO - Done. Returned value was: None
[2025-07-06T01:42:44.493+0000] {taskinstance.py:340} INFO - ::group::Post task execution logs
[2025-07-06T01:42:44.494+0000] {taskinstance.py:352} INFO - Marking task as SUCCESS. dag_id=extract_raw_data_pipeline, task_id=extract_raw_data, run_id=manual__2025-07-06T01:42:42.316720+00:00, execution_date=20250706T014242, start_date=20250706T014243, end_date=20250706T014244
[2025-07-06T01:42:44.553+0000] {local_task_job_runner.py:266} INFO - Task exited with return code 0
[2025-07-06T01:42:44.578+0000] {taskinstance.py:3900} INFO - 1 downstream tasks scheduled from follow-on schedule check
[2025-07-06T01:42:44.582+0000] {local_task_job_runner.py:245} INFO - ::endgroup::
