[2025-07-06T01:47:27.343+0000] {local_task_job_runner.py:123} INFO - ::group::Pre task execution logs
[2025-07-06T01:47:27.360+0000] {taskinstance.py:2612} INFO - Dependencies all met for dep_context=non-requeueable deps ti=<TaskInstance: extract_raw_data_pipeline.run_dbt_staging manual__2025-07-06T01:47:20.949698+00:00 [queued]>
[2025-07-06T01:47:27.366+0000] {taskinstance.py:2612} INFO - Dependencies all met for dep_context=requeueable deps ti=<TaskInstance: extract_raw_data_pipeline.run_dbt_staging manual__2025-07-06T01:47:20.949698+00:00 [queued]>
[2025-07-06T01:47:27.367+0000] {taskinstance.py:2865} INFO - Starting attempt 1 of 1
[2025-07-06T01:47:27.381+0000] {taskinstance.py:2888} INFO - Executing <Task(BashOperator): run_dbt_staging> on 2025-07-06 01:47:20.949698+00:00
[2025-07-06T01:47:27.390+0000] {warnings.py:112} WARNING - /home/***/.local/lib/python3.12/site-packages/***/task/task_runner/standard_task_runner.py:70: DeprecationWarning: This process (pid=2062) is multi-threaded, use of fork() may lead to deadlocks in the child.
  pid = os.fork()

[2025-07-06T01:47:27.393+0000] {standard_task_runner.py:72} INFO - Started process 2064 to run task
[2025-07-06T01:47:27.393+0000] {standard_task_runner.py:104} INFO - Running: ['***', 'tasks', 'run', 'extract_raw_data_pipeline', 'run_dbt_staging', 'manual__2025-07-06T01:47:20.949698+00:00', '--job-id', '43', '--raw', '--subdir', 'DAGS_FOLDER/driven_data_pipeline.py', '--cfg-path', '/tmp/tmpygh0ausr']
[2025-07-06T01:47:27.394+0000] {standard_task_runner.py:105} INFO - Job 43: Subtask run_dbt_staging
[2025-07-06T01:47:27.458+0000] {task_command.py:467} INFO - Running <TaskInstance: extract_raw_data_pipeline.run_dbt_staging manual__2025-07-06T01:47:20.949698+00:00 [running]> on host 3f39a0c54de0
[2025-07-06T01:47:27.545+0000] {taskinstance.py:3131} INFO - Exporting env vars: AIRFLOW_CTX_DAG_OWNER='***' AIRFLOW_CTX_DAG_ID='extract_raw_data_pipeline' AIRFLOW_CTX_TASK_ID='run_dbt_staging' AIRFLOW_CTX_EXECUTION_DATE='2025-07-06T01:47:20.949698+00:00' AIRFLOW_CTX_TRY_NUMBER='1' AIRFLOW_CTX_DAG_RUN_ID='manual__2025-07-06T01:47:20.949698+00:00'
[2025-07-06T01:47:27.546+0000] {taskinstance.py:731} INFO - ::endgroup::
[2025-07-06T01:47:27.560+0000] {subprocess.py:63} INFO - Tmp dir root location: /tmp
[2025-07-06T01:47:27.561+0000] {subprocess.py:75} INFO - Running command: ['/usr/bin/bash', '-c', 'set -x; cd /opt/***/dbt && dbt run --select tag:staging']
[2025-07-06T01:47:27.577+0000] {subprocess.py:86} INFO - Output:
[2025-07-06T01:47:27.579+0000] {subprocess.py:93} INFO - + cd /opt/***/dbt
[2025-07-06T01:47:27.579+0000] {subprocess.py:93} INFO - + dbt run --select tag:staging
[2025-07-06T01:47:29.550+0000] {subprocess.py:93} INFO - [0m01:47:29  Running with dbt=1.8.0
[2025-07-06T01:47:29.833+0000] {subprocess.py:93} INFO - [0m01:47:29  Registered adapter: postgres=1.8.2
[2025-07-06T01:47:30.347+0000] {subprocess.py:93} INFO - [0m01:47:30  Found 9 models, 10 sources, 428 macros
[2025-07-06T01:47:30.350+0000] {subprocess.py:93} INFO - [0m01:47:30
[2025-07-06T01:47:30.489+0000] {subprocess.py:93} INFO - [0m01:47:30  Concurrency: 1 threads (target='dev')
[2025-07-06T01:47:30.492+0000] {subprocess.py:93} INFO - [0m01:47:30
[2025-07-06T01:47:30.504+0000] {subprocess.py:93} INFO - [0m01:47:30  1 of 5 START sql table model driven_staging.dim_address ........................ [RUN]
[2025-07-06T01:47:30.726+0000] {subprocess.py:93} INFO - [0m01:47:30  1 of 5 OK created sql table model driven_staging.dim_address ................... [[32mSELECT 13860[0m in 0.22s]
[2025-07-06T01:47:30.728+0000] {subprocess.py:93} INFO - [0m01:47:30  2 of 5 START sql table model driven_staging.dim_date ........................... [RUN]
[2025-07-06T01:47:30.806+0000] {subprocess.py:93} INFO - [0m01:47:30  2 of 5 OK created sql table model driven_staging.dim_date ...................... [[32mSELECT 13860[0m in 0.08s]
[2025-07-06T01:47:30.808+0000] {subprocess.py:93} INFO - [0m01:47:30  3 of 5 START sql table model driven_staging.dim_finance ........................ [RUN]
[2025-07-06T01:47:30.889+0000] {subprocess.py:93} INFO - [0m01:47:30  3 of 5 OK created sql table model driven_staging.dim_finance ................... [[32mSELECT 13860[0m in 0.08s]
[2025-07-06T01:47:30.891+0000] {subprocess.py:93} INFO - [0m01:47:30  4 of 5 START sql table model driven_staging.dim_person ......................... [RUN]
[2025-07-06T01:47:30.988+0000] {subprocess.py:93} INFO - [0m01:47:30  4 of 5 OK created sql table model driven_staging.dim_person .................... [[32mSELECT 13860[0m in 0.09s]
[2025-07-06T01:47:30.990+0000] {subprocess.py:93} INFO - [0m01:47:30  5 of 5 START sql table model driven_staging.fact_network_usage ................. [RUN]
[2025-07-06T01:47:31.072+0000] {subprocess.py:93} INFO - [0m01:47:31  5 of 5 OK created sql table model driven_staging.fact_network_usage ............ [[32mSELECT 13860[0m in 0.08s]
[2025-07-06T01:47:31.087+0000] {subprocess.py:93} INFO - [0m01:47:31
[2025-07-06T01:47:31.088+0000] {subprocess.py:93} INFO - [0m01:47:31  Finished running 5 table models in 0 hours 0 minutes and 0.74 seconds (0.74s).
[2025-07-06T01:47:31.140+0000] {subprocess.py:93} INFO - [0m01:47:31
[2025-07-06T01:47:31.141+0000] {subprocess.py:93} INFO - [0m01:47:31  [32mCompleted successfully[0m
[2025-07-06T01:47:31.142+0000] {subprocess.py:93} INFO - [0m01:47:31
[2025-07-06T01:47:31.143+0000] {subprocess.py:93} INFO - [0m01:47:31  Done. PASS=5 WARN=0 ERROR=0 SKIP=0 TOTAL=5
[2025-07-06T01:47:31.825+0000] {subprocess.py:97} INFO - Command exited with return code 0
[2025-07-06T01:47:31.855+0000] {taskinstance.py:340} INFO - ::group::Post task execution logs
[2025-07-06T01:47:31.856+0000] {taskinstance.py:352} INFO - Marking task as SUCCESS. dag_id=extract_raw_data_pipeline, task_id=run_dbt_staging, run_id=manual__2025-07-06T01:47:20.949698+00:00, execution_date=20250706T014720, start_date=20250706T014727, end_date=20250706T014731
[2025-07-06T01:47:31.901+0000] {local_task_job_runner.py:266} INFO - Task exited with return code 0
[2025-07-06T01:47:31.922+0000] {taskinstance.py:3900} INFO - 1 downstream tasks scheduled from follow-on schedule check
[2025-07-06T01:47:31.925+0000] {local_task_job_runner.py:245} INFO - ::endgroup::
