[2025-07-06T00:38:40.785+0000] {local_task_job_runner.py:123} INFO - ::group::Pre task execution logs
[2025-07-06T00:38:40.805+0000] {taskinstance.py:2612} INFO - Dependencies all met for dep_context=non-requeueable deps ti=<TaskInstance: extract_raw_data_pipeline.extract_raw_data scheduled__2025-07-05T07:58:00+00:00 [queued]>
[2025-07-06T00:38:40.814+0000] {taskinstance.py:2612} INFO - Dependencies all met for dep_context=requeueable deps ti=<TaskInstance: extract_raw_data_pipeline.extract_raw_data scheduled__2025-07-05T07:58:00+00:00 [queued]>
[2025-07-06T00:38:40.814+0000] {taskinstance.py:2865} INFO - Starting attempt 1 of 1
[2025-07-06T00:38:40.836+0000] {taskinstance.py:2888} INFO - Executing <Task(PythonOperator): extract_raw_data> on 2025-07-05 07:58:00+00:00
[2025-07-06T00:38:40.846+0000] {warnings.py:112} WARNING - /home/***/.local/lib/python3.12/site-packages/***/task/task_runner/standard_task_runner.py:70: DeprecationWarning: This process (pid=908) is multi-threaded, use of fork() may lead to deadlocks in the child.
  pid = os.fork()

[2025-07-06T00:38:40.849+0000] {standard_task_runner.py:72} INFO - Started process 913 to run task
[2025-07-06T00:38:40.849+0000] {standard_task_runner.py:104} INFO - Running: ['***', 'tasks', 'run', 'extract_raw_data_pipeline', 'extract_raw_data', 'scheduled__2025-07-05T07:58:00+00:00', '--job-id', '3', '--raw', '--subdir', 'DAGS_FOLDER/driven_data_pipeline.py', '--cfg-path', '/tmp/tmpvl9v4ove']
[2025-07-06T00:38:40.851+0000] {standard_task_runner.py:105} INFO - Job 3: Subtask extract_raw_data
[2025-07-06T00:38:40.923+0000] {task_command.py:467} INFO - Running <TaskInstance: extract_raw_data_pipeline.extract_raw_data scheduled__2025-07-05T07:58:00+00:00 [running]> on host 3f39a0c54de0
[2025-07-06T00:38:41.013+0000] {taskinstance.py:3131} INFO - Exporting env vars: AIRFLOW_CTX_DAG_OWNER='***' AIRFLOW_CTX_DAG_ID='extract_raw_data_pipeline' AIRFLOW_CTX_TASK_ID='extract_raw_data' AIRFLOW_CTX_EXECUTION_DATE='2025-07-05T07:58:00+00:00' AIRFLOW_CTX_TRY_NUMBER='1' AIRFLOW_CTX_DAG_RUN_ID='scheduled__2025-07-05T07:58:00+00:00'
[2025-07-06T00:38:41.014+0000] {taskinstance.py:731} INFO - ::endgroup::
[2025-07-06T00:38:41.036+0000] {driven_data_pipeline.py:143} INFO - Started batch processing for 2025-07-06.
[2025-07-06T00:38:41.036+0000] {driven_data_pipeline.py:34} INFO - Created synthetic data for MX country code.
[2025-07-06T00:38:41.393+0000] {driven_data_pipeline.py:100} INFO - Written 981 records to the CSV file.
[2025-07-06T00:38:41.440+0000] {driven_data_pipeline.py:116} INFO - Added UUID to the dataset.
[2025-07-06T00:38:41.464+0000] {driven_data_pipeline.py:135} INFO - Updated accessed timestamp.
[2025-07-06T00:38:41.464+0000] {driven_data_pipeline.py:151} INFO - Finished batch processing 2025-07-06.
[2025-07-06T00:38:41.465+0000] {python.py:240} INFO - Done. Returned value was: None
[2025-07-06T00:38:41.476+0000] {taskinstance.py:340} INFO - ::group::Post task execution logs
[2025-07-06T00:38:41.477+0000] {taskinstance.py:352} INFO - Marking task as SUCCESS. dag_id=extract_raw_data_pipeline, task_id=extract_raw_data, run_id=scheduled__2025-07-05T07:58:00+00:00, execution_date=20250705T075800, start_date=20250706T003840, end_date=20250706T003841
[2025-07-06T00:38:41.507+0000] {local_task_job_runner.py:266} INFO - Task exited with return code 0
[2025-07-06T00:38:41.533+0000] {taskinstance.py:3900} INFO - 1 downstream tasks scheduled from follow-on schedule check
[2025-07-06T00:38:41.537+0000] {local_task_job_runner.py:245} INFO - ::endgroup::
