[2025-07-06T01:42:55.118+0000] {local_task_job_runner.py:123} INFO - ::group::Pre task execution logs
[2025-07-06T01:42:55.136+0000] {taskinstance.py:2612} INFO - Dependencies all met for dep_context=non-requeueable deps ti=<TaskInstance: extract_raw_data_pipeline.run_dbt_trusted manual__2025-07-06T01:42:42.316720+00:00 [queued]>
[2025-07-06T01:42:55.144+0000] {taskinstance.py:2612} INFO - Dependencies all met for dep_context=requeueable deps ti=<TaskInstance: extract_raw_data_pipeline.run_dbt_trusted manual__2025-07-06T01:42:42.316720+00:00 [queued]>
[2025-07-06T01:42:55.144+0000] {taskinstance.py:2865} INFO - Starting attempt 1 of 1
[2025-07-06T01:42:55.158+0000] {taskinstance.py:2888} INFO - Executing <Task(BashOperator): run_dbt_trusted> on 2025-07-06 01:42:42.316720+00:00
[2025-07-06T01:42:55.167+0000] {warnings.py:112} WARNING - /home/***/.local/lib/python3.12/site-packages/***/task/task_runner/standard_task_runner.py:70: DeprecationWarning: This process (pid=1968) is multi-threaded, use of fork() may lead to deadlocks in the child.
  pid = os.fork()

[2025-07-06T01:42:55.168+0000] {standard_task_runner.py:72} INFO - Started process 1970 to run task
[2025-07-06T01:42:55.169+0000] {standard_task_runner.py:104} INFO - Running: ['***', 'tasks', 'run', 'extract_raw_data_pipeline', 'run_dbt_trusted', 'manual__2025-07-06T01:42:42.316720+00:00', '--job-id', '38', '--raw', '--subdir', 'DAGS_FOLDER/driven_data_pipeline.py', '--cfg-path', '/tmp/tmpzagvwa8i']
[2025-07-06T01:42:55.170+0000] {standard_task_runner.py:105} INFO - Job 38: Subtask run_dbt_trusted
[2025-07-06T01:42:55.235+0000] {task_command.py:467} INFO - Running <TaskInstance: extract_raw_data_pipeline.run_dbt_trusted manual__2025-07-06T01:42:42.316720+00:00 [running]> on host 3f39a0c54de0
[2025-07-06T01:42:55.315+0000] {taskinstance.py:3131} INFO - Exporting env vars: AIRFLOW_CTX_DAG_OWNER='***' AIRFLOW_CTX_DAG_ID='extract_raw_data_pipeline' AIRFLOW_CTX_TASK_ID='run_dbt_trusted' AIRFLOW_CTX_EXECUTION_DATE='2025-07-06T01:42:42.316720+00:00' AIRFLOW_CTX_TRY_NUMBER='1' AIRFLOW_CTX_DAG_RUN_ID='manual__2025-07-06T01:42:42.316720+00:00'
[2025-07-06T01:42:55.316+0000] {taskinstance.py:731} INFO - ::endgroup::
[2025-07-06T01:42:55.329+0000] {subprocess.py:63} INFO - Tmp dir root location: /tmp
[2025-07-06T01:42:55.331+0000] {subprocess.py:75} INFO - Running command: ['/usr/bin/bash', '-c', 'set -x; cd /opt/***/dbt && dbt run --select tag:trusted']
[2025-07-06T01:42:55.346+0000] {subprocess.py:86} INFO - Output:
[2025-07-06T01:42:55.348+0000] {subprocess.py:93} INFO - + cd /opt/***/dbt
[2025-07-06T01:42:55.349+0000] {subprocess.py:93} INFO - + dbt run --select tag:trusted
[2025-07-06T01:42:57.346+0000] {subprocess.py:93} INFO - [0m01:42:57  Running with dbt=1.8.0
[2025-07-06T01:42:57.634+0000] {subprocess.py:93} INFO - [0m01:42:57  Registered adapter: postgres=1.8.2
[2025-07-06T01:42:58.204+0000] {subprocess.py:93} INFO - [0m01:42:58  Found 9 models, 10 sources, 428 macros
[2025-07-06T01:42:58.207+0000] {subprocess.py:93} INFO - [0m01:42:58
[2025-07-06T01:42:58.370+0000] {subprocess.py:93} INFO - [0m01:42:58  Concurrency: 1 threads (target='dev')
[2025-07-06T01:42:58.370+0000] {subprocess.py:93} INFO - [0m01:42:58
[2025-07-06T01:42:58.381+0000] {subprocess.py:93} INFO - [0m01:42:58  1 of 4 START sql table model driven_trusted.non_pii_data ....................... [RUN]
[2025-07-06T01:42:58.926+0000] {subprocess.py:93} INFO - [0m01:42:58  1 of 4 OK created sql table model driven_trusted.non_pii_data .................. [[32mSELECT 6893[0m in 0.54s]
[2025-07-06T01:42:58.929+0000] {subprocess.py:93} INFO - [0m01:42:58  2 of 4 START sql table model driven_trusted.payment_data ....................... [RUN]
[2025-07-06T01:42:59.013+0000] {subprocess.py:93} INFO - [0m01:42:59  2 of 4 OK created sql table model driven_trusted.payment_data .................. [[32mSELECT 6893[0m in 0.08s]
[2025-07-06T01:42:59.016+0000] {subprocess.py:93} INFO - [0m01:42:59  3 of 4 START sql table model driven_trusted.pii_data ........................... [RUN]
[2025-07-06T01:42:59.166+0000] {subprocess.py:93} INFO - [0m01:42:59  3 of 4 OK created sql table model driven_trusted.pii_data ...................... [[32mSELECT 6893[0m in 0.15s]
[2025-07-06T01:42:59.168+0000] {subprocess.py:93} INFO - [0m01:42:59  4 of 4 START sql table model driven_trusted.technical_data ..................... [RUN]
[2025-07-06T01:42:59.266+0000] {subprocess.py:93} INFO - [0m01:42:59  4 of 4 OK created sql table model driven_trusted.technical_data ................ [[32mSELECT 6893[0m in 0.10s]
[2025-07-06T01:42:59.280+0000] {subprocess.py:93} INFO - [0m01:42:59
[2025-07-06T01:42:59.281+0000] {subprocess.py:93} INFO - [0m01:42:59  Finished running 4 table models in 0 hours 0 minutes and 1.07 seconds (1.07s).
[2025-07-06T01:42:59.339+0000] {subprocess.py:93} INFO - [0m01:42:59
[2025-07-06T01:42:59.340+0000] {subprocess.py:93} INFO - [0m01:42:59  [32mCompleted successfully[0m
[2025-07-06T01:42:59.341+0000] {subprocess.py:93} INFO - [0m01:42:59
[2025-07-06T01:42:59.342+0000] {subprocess.py:93} INFO - [0m01:42:59  Done. PASS=4 WARN=0 ERROR=0 SKIP=0 TOTAL=4
[2025-07-06T01:42:59.963+0000] {subprocess.py:97} INFO - Command exited with return code 0
[2025-07-06T01:42:59.993+0000] {taskinstance.py:340} INFO - ::group::Post task execution logs
[2025-07-06T01:42:59.994+0000] {taskinstance.py:352} INFO - Marking task as SUCCESS. dag_id=extract_raw_data_pipeline, task_id=run_dbt_trusted, run_id=manual__2025-07-06T01:42:42.316720+00:00, execution_date=20250706T014242, start_date=20250706T014255, end_date=20250706T014259
[2025-07-06T01:43:00.039+0000] {local_task_job_runner.py:266} INFO - Task exited with return code 0
[2025-07-06T01:43:00.056+0000] {taskinstance.py:3900} INFO - 0 downstream tasks scheduled from follow-on schedule check
[2025-07-06T01:43:00.060+0000] {local_task_job_runner.py:245} INFO - ::endgroup::
