[2025-07-06T01:47:44.386+0000] {local_task_job_runner.py:123} INFO - ::group::Pre task execution logs
[2025-07-06T01:47:44.406+0000] {taskinstance.py:2612} INFO - Dependencies all met for dep_context=non-requeueable deps ti=<TaskInstance: extract_raw_data_pipeline.extract_raw_data manual__2025-07-06T01:47:42.850701+00:00 [queued]>
[2025-07-06T01:47:44.413+0000] {taskinstance.py:2612} INFO - Dependencies all met for dep_context=requeueable deps ti=<TaskInstance: extract_raw_data_pipeline.extract_raw_data manual__2025-07-06T01:47:42.850701+00:00 [queued]>
[2025-07-06T01:47:44.414+0000] {taskinstance.py:2865} INFO - Starting attempt 1 of 1
[2025-07-06T01:47:44.429+0000] {taskinstance.py:2888} INFO - Executing <Task(PythonOperator): extract_raw_data> on 2025-07-06 01:47:42.850701+00:00
[2025-07-06T01:47:44.438+0000] {warnings.py:112} WARNING - /home/***/.local/lib/python3.12/site-packages/***/task/task_runner/standard_task_runner.py:70: DeprecationWarning: This process (pid=2097) is multi-threaded, use of fork() may lead to deadlocks in the child.
  pid = os.fork()

[2025-07-06T01:47:44.440+0000] {standard_task_runner.py:104} INFO - Running: ['***', 'tasks', 'run', 'extract_raw_data_pipeline', 'extract_raw_data', 'manual__2025-07-06T01:47:42.850701+00:00', '--job-id', '45', '--raw', '--subdir', 'DAGS_FOLDER/driven_data_pipeline.py', '--cfg-path', '/tmp/tmpv88eett6']
[2025-07-06T01:47:44.444+0000] {standard_task_runner.py:72} INFO - Started process 2101 to run task
[2025-07-06T01:47:44.444+0000] {standard_task_runner.py:105} INFO - Job 45: Subtask extract_raw_data
[2025-07-06T01:47:44.508+0000] {task_command.py:467} INFO - Running <TaskInstance: extract_raw_data_pipeline.extract_raw_data manual__2025-07-06T01:47:42.850701+00:00 [running]> on host 3f39a0c54de0
[2025-07-06T01:47:44.592+0000] {taskinstance.py:3131} INFO - Exporting env vars: AIRFLOW_CTX_DAG_OWNER='***' AIRFLOW_CTX_DAG_ID='extract_raw_data_pipeline' AIRFLOW_CTX_TASK_ID='extract_raw_data' AIRFLOW_CTX_EXECUTION_DATE='2025-07-06T01:47:42.850701+00:00' AIRFLOW_CTX_TRY_NUMBER='1' AIRFLOW_CTX_DAG_RUN_ID='manual__2025-07-06T01:47:42.850701+00:00'
[2025-07-06T01:47:44.593+0000] {taskinstance.py:731} INFO - ::endgroup::
[2025-07-06T01:47:44.606+0000] {driven_data_pipeline.py:152} INFO - Started batch processing for 2025-07-06.
[2025-07-06T01:47:44.607+0000] {driven_data_pipeline.py:34} INFO - Created synthetic data for MX country code.
[2025-07-06T01:47:44.787+0000] {driven_data_pipeline.py:100} INFO - Written 448 records to the CSV file.
[2025-07-06T01:47:44.893+0000] {driven_data_pipeline.py:125} INFO - Added UUID to the dataset.
[2025-07-06T01:47:44.948+0000] {driven_data_pipeline.py:144} INFO - Updated accessed timestamp.
[2025-07-06T01:47:44.949+0000] {driven_data_pipeline.py:160} INFO - Finished batch processing 2025-07-06.
[2025-07-06T01:47:44.949+0000] {python.py:240} INFO - Done. Returned value was: None
[2025-07-06T01:47:44.961+0000] {taskinstance.py:340} INFO - ::group::Post task execution logs
[2025-07-06T01:47:44.962+0000] {taskinstance.py:352} INFO - Marking task as SUCCESS. dag_id=extract_raw_data_pipeline, task_id=extract_raw_data, run_id=manual__2025-07-06T01:47:42.850701+00:00, execution_date=20250706T014742, start_date=20250706T014744, end_date=20250706T014744
[2025-07-06T01:47:45.021+0000] {local_task_job_runner.py:266} INFO - Task exited with return code 0
[2025-07-06T01:47:45.048+0000] {taskinstance.py:3900} INFO - 1 downstream tasks scheduled from follow-on schedule check
[2025-07-06T01:47:45.052+0000] {local_task_job_runner.py:245} INFO - ::endgroup::
