[2025-07-06T01:42:48.194+0000] {local_task_job_runner.py:123} INFO - ::group::Pre task execution logs
[2025-07-06T01:42:48.210+0000] {taskinstance.py:2612} INFO - Dependencies all met for dep_context=non-requeueable deps ti=<TaskInstance: extract_raw_data_pipeline.run_dbt_staging manual__2025-07-06T01:42:42.316720+00:00 [queued]>
[2025-07-06T01:42:48.218+0000] {taskinstance.py:2612} INFO - Dependencies all met for dep_context=requeueable deps ti=<TaskInstance: extract_raw_data_pipeline.run_dbt_staging manual__2025-07-06T01:42:42.316720+00:00 [queued]>
[2025-07-06T01:42:48.219+0000] {taskinstance.py:2865} INFO - Starting attempt 1 of 1
[2025-07-06T01:42:48.234+0000] {taskinstance.py:2888} INFO - Executing <Task(BashOperator): run_dbt_staging> on 2025-07-06 01:42:42.316720+00:00
[2025-07-06T01:42:48.242+0000] {warnings.py:112} WARNING - /home/***/.local/lib/python3.12/site-packages/***/task/task_runner/standard_task_runner.py:70: DeprecationWarning: This process (pid=1948) is multi-threaded, use of fork() may lead to deadlocks in the child.
  pid = os.fork()

[2025-07-06T01:42:48.244+0000] {standard_task_runner.py:72} INFO - Started process 1950 to run task
[2025-07-06T01:42:48.244+0000] {standard_task_runner.py:104} INFO - Running: ['***', 'tasks', 'run', 'extract_raw_data_pipeline', 'run_dbt_staging', 'manual__2025-07-06T01:42:42.316720+00:00', '--job-id', '37', '--raw', '--subdir', 'DAGS_FOLDER/driven_data_pipeline.py', '--cfg-path', '/tmp/tmp4s1twl1l']
[2025-07-06T01:42:48.245+0000] {standard_task_runner.py:105} INFO - Job 37: Subtask run_dbt_staging
[2025-07-06T01:42:48.311+0000] {task_command.py:467} INFO - Running <TaskInstance: extract_raw_data_pipeline.run_dbt_staging manual__2025-07-06T01:42:42.316720+00:00 [running]> on host 3f39a0c54de0
[2025-07-06T01:42:48.391+0000] {taskinstance.py:3131} INFO - Exporting env vars: AIRFLOW_CTX_DAG_OWNER='***' AIRFLOW_CTX_DAG_ID='extract_raw_data_pipeline' AIRFLOW_CTX_TASK_ID='run_dbt_staging' AIRFLOW_CTX_EXECUTION_DATE='2025-07-06T01:42:42.316720+00:00' AIRFLOW_CTX_TRY_NUMBER='1' AIRFLOW_CTX_DAG_RUN_ID='manual__2025-07-06T01:42:42.316720+00:00'
[2025-07-06T01:42:48.394+0000] {taskinstance.py:731} INFO - ::endgroup::
[2025-07-06T01:42:48.408+0000] {subprocess.py:63} INFO - Tmp dir root location: /tmp
[2025-07-06T01:42:48.410+0000] {subprocess.py:75} INFO - Running command: ['/usr/bin/bash', '-c', 'set -x; cd /opt/***/dbt && dbt run --select tag:staging']
[2025-07-06T01:42:48.427+0000] {subprocess.py:86} INFO - Output:
[2025-07-06T01:42:48.433+0000] {subprocess.py:93} INFO - + cd /opt/***/dbt
[2025-07-06T01:42:48.433+0000] {subprocess.py:93} INFO - + dbt run --select tag:staging
[2025-07-06T01:42:50.903+0000] {subprocess.py:93} INFO - [0m01:42:50  Running with dbt=1.8.0
[2025-07-06T01:42:51.231+0000] {subprocess.py:93} INFO - [0m01:42:51  Registered adapter: postgres=1.8.2
[2025-07-06T01:42:51.366+0000] {subprocess.py:93} INFO - [0m01:42:51  Unable to do partial parsing because saved manifest not found. Starting full parse.
[2025-07-06T01:42:52.868+0000] {subprocess.py:93} INFO - [0m01:42:52  Found 9 models, 10 sources, 428 macros
[2025-07-06T01:42:52.871+0000] {subprocess.py:93} INFO - [0m01:42:52
[2025-07-06T01:42:53.032+0000] {subprocess.py:93} INFO - [0m01:42:53  Concurrency: 1 threads (target='dev')
[2025-07-06T01:42:53.033+0000] {subprocess.py:93} INFO - [0m01:42:53
[2025-07-06T01:42:53.044+0000] {subprocess.py:93} INFO - [0m01:42:53  1 of 5 START sql table model driven_staging.dim_address ........................ [RUN]
[2025-07-06T01:42:53.295+0000] {subprocess.py:93} INFO - [0m01:42:53  1 of 5 OK created sql table model driven_staging.dim_address ................... [[32mSELECT 6893[0m in 0.25s]
[2025-07-06T01:42:53.299+0000] {subprocess.py:93} INFO - [0m01:42:53  2 of 5 START sql table model driven_staging.dim_date ........................... [RUN]
[2025-07-06T01:42:53.363+0000] {subprocess.py:93} INFO - [0m01:42:53  2 of 5 OK created sql table model driven_staging.dim_date ...................... [[32mSELECT 6893[0m in 0.06s]
[2025-07-06T01:42:53.365+0000] {subprocess.py:93} INFO - [0m01:42:53  3 of 5 START sql table model driven_staging.dim_finance ........................ [RUN]
[2025-07-06T01:42:53.435+0000] {subprocess.py:93} INFO - [0m01:42:53  3 of 5 OK created sql table model driven_staging.dim_finance ................... [[32mSELECT 6893[0m in 0.07s]
[2025-07-06T01:42:53.437+0000] {subprocess.py:93} INFO - [0m01:42:53  4 of 5 START sql table model driven_staging.dim_person ......................... [RUN]
[2025-07-06T01:42:53.514+0000] {subprocess.py:93} INFO - [0m01:42:53  4 of 5 OK created sql table model driven_staging.dim_person .................... [[32mSELECT 6893[0m in 0.08s]
[2025-07-06T01:42:53.516+0000] {subprocess.py:93} INFO - [0m01:42:53  5 of 5 START sql table model driven_staging.fact_network_usage ................. [RUN]
[2025-07-06T01:42:53.579+0000] {subprocess.py:93} INFO - [0m01:42:53  5 of 5 OK created sql table model driven_staging.fact_network_usage ............ [[32mSELECT 6893[0m in 0.06s]
[2025-07-06T01:42:53.596+0000] {subprocess.py:93} INFO - [0m01:42:53
[2025-07-06T01:42:53.597+0000] {subprocess.py:93} INFO - [0m01:42:53  Finished running 5 table models in 0 hours 0 minutes and 0.72 seconds (0.72s).
[2025-07-06T01:42:53.650+0000] {subprocess.py:93} INFO - [0m01:42:53
[2025-07-06T01:42:53.651+0000] {subprocess.py:93} INFO - [0m01:42:53  [32mCompleted successfully[0m
[2025-07-06T01:42:53.651+0000] {subprocess.py:93} INFO - [0m01:42:53
[2025-07-06T01:42:53.652+0000] {subprocess.py:93} INFO - [0m01:42:53  Done. PASS=5 WARN=0 ERROR=0 SKIP=0 TOTAL=5
[2025-07-06T01:42:54.376+0000] {subprocess.py:97} INFO - Command exited with return code 0
[2025-07-06T01:42:54.407+0000] {taskinstance.py:340} INFO - ::group::Post task execution logs
[2025-07-06T01:42:54.408+0000] {taskinstance.py:352} INFO - Marking task as SUCCESS. dag_id=extract_raw_data_pipeline, task_id=run_dbt_staging, run_id=manual__2025-07-06T01:42:42.316720+00:00, execution_date=20250706T014242, start_date=20250706T014248, end_date=20250706T014254
[2025-07-06T01:42:54.439+0000] {local_task_job_runner.py:266} INFO - Task exited with return code 0
[2025-07-06T01:42:54.448+0000] {local_task_job_runner.py:245} INFO - ::endgroup::
