[2025-07-06T01:36:53.338+0000] {local_task_job_runner.py:123} INFO - ::group::Pre task execution logs
[2025-07-06T01:36:53.358+0000] {taskinstance.py:2612} INFO - Dependencies all met for dep_context=non-requeueable deps ti=<TaskInstance: extract_raw_data_pipeline.create_raw_schema manual__2025-07-06T01:36:52.353607+00:00 [queued]>
[2025-07-06T01:36:53.365+0000] {taskinstance.py:2612} INFO - Dependencies all met for dep_context=requeueable deps ti=<TaskInstance: extract_raw_data_pipeline.create_raw_schema manual__2025-07-06T01:36:52.353607+00:00 [queued]>
[2025-07-06T01:36:53.365+0000] {taskinstance.py:2865} INFO - Starting attempt 1 of 1
[2025-07-06T01:36:53.379+0000] {taskinstance.py:2888} INFO - Executing <Task(SQLExecuteQueryOperator): create_raw_schema> on 2025-07-06 01:36:52.353607+00:00
[2025-07-06T01:36:53.388+0000] {warnings.py:112} WARNING - /home/***/.local/lib/python3.12/site-packages/***/task/task_runner/standard_task_runner.py:70: DeprecationWarning: This process (pid=1805) is multi-threaded, use of fork() may lead to deadlocks in the child.
  pid = os.fork()

[2025-07-06T01:36:53.391+0000] {standard_task_runner.py:72} INFO - Started process 1809 to run task
[2025-07-06T01:36:53.391+0000] {standard_task_runner.py:104} INFO - Running: ['***', 'tasks', 'run', 'extract_raw_data_pipeline', 'create_raw_schema', 'manual__2025-07-06T01:36:52.353607+00:00', '--job-id', '26', '--raw', '--subdir', 'DAGS_FOLDER/driven_data_pipeline.py', '--cfg-path', '/tmp/tmpifn29jcs']
[2025-07-06T01:36:53.392+0000] {standard_task_runner.py:105} INFO - Job 26: Subtask create_raw_schema
[2025-07-06T01:36:53.465+0000] {task_command.py:467} INFO - Running <TaskInstance: extract_raw_data_pipeline.create_raw_schema manual__2025-07-06T01:36:52.353607+00:00 [running]> on host 3f39a0c54de0
[2025-07-06T01:36:53.553+0000] {taskinstance.py:3131} INFO - Exporting env vars: AIRFLOW_CTX_DAG_OWNER='***' AIRFLOW_CTX_DAG_ID='extract_raw_data_pipeline' AIRFLOW_CTX_TASK_ID='create_raw_schema' AIRFLOW_CTX_EXECUTION_DATE='2025-07-06T01:36:52.353607+00:00' AIRFLOW_CTX_TRY_NUMBER='1' AIRFLOW_CTX_DAG_RUN_ID='manual__2025-07-06T01:36:52.353607+00:00'
[2025-07-06T01:36:53.555+0000] {taskinstance.py:731} INFO - ::endgroup::
[2025-07-06T01:36:53.569+0000] {sql.py:266} INFO - Executing: CREATE SCHEMA IF NOT EXISTS driven_raw;
[2025-07-06T01:36:53.580+0000] {base.py:84} INFO - Retrieving connection 'postgres_conn'
[2025-07-06T01:36:53.592+0000] {base.py:84} INFO - Retrieving connection 'postgres_conn'
[2025-07-06T01:36:53.597+0000] {sql.py:509} INFO - Running statement: CREATE SCHEMA IF NOT EXISTS driven_raw;, parameters: None
[2025-07-06T01:36:53.610+0000] {taskinstance.py:340} INFO - ::group::Post task execution logs
[2025-07-06T01:36:53.611+0000] {taskinstance.py:352} INFO - Marking task as SUCCESS. dag_id=extract_raw_data_pipeline, task_id=create_raw_schema, run_id=manual__2025-07-06T01:36:52.353607+00:00, execution_date=20250706T013652, start_date=20250706T013653, end_date=20250706T013653
[2025-07-06T01:36:53.646+0000] {local_task_job_runner.py:266} INFO - Task exited with return code 0
[2025-07-06T01:36:53.674+0000] {taskinstance.py:3900} INFO - 0 downstream tasks scheduled from follow-on schedule check
[2025-07-06T01:36:53.678+0000] {local_task_job_runner.py:245} INFO - ::endgroup::
