[2025-07-06T01:47:48.840+0000] {local_task_job_runner.py:123} INFO - ::group::Pre task execution logs
[2025-07-06T01:47:48.857+0000] {taskinstance.py:2612} INFO - Dependencies all met for dep_context=non-requeueable deps ti=<TaskInstance: extract_raw_data_pipeline.run_dbt_staging manual__2025-07-06T01:47:42.850701+00:00 [queued]>
[2025-07-06T01:47:48.863+0000] {taskinstance.py:2612} INFO - Dependencies all met for dep_context=requeueable deps ti=<TaskInstance: extract_raw_data_pipeline.run_dbt_staging manual__2025-07-06T01:47:42.850701+00:00 [queued]>
[2025-07-06T01:47:48.864+0000] {taskinstance.py:2865} INFO - Starting attempt 1 of 1
[2025-07-06T01:47:48.878+0000] {taskinstance.py:2888} INFO - Executing <Task(BashOperator): run_dbt_staging> on 2025-07-06 01:47:42.850701+00:00
[2025-07-06T01:47:48.886+0000] {warnings.py:112} WARNING - /home/***/.local/lib/python3.12/site-packages/***/task/task_runner/standard_task_runner.py:70: DeprecationWarning: This process (pid=2119) is multi-threaded, use of fork() may lead to deadlocks in the child.
  pid = os.fork()

[2025-07-06T01:47:48.889+0000] {standard_task_runner.py:72} INFO - Started process 2121 to run task
[2025-07-06T01:47:48.889+0000] {standard_task_runner.py:104} INFO - Running: ['***', 'tasks', 'run', 'extract_raw_data_pipeline', 'run_dbt_staging', 'manual__2025-07-06T01:47:42.850701+00:00', '--job-id', '49', '--raw', '--subdir', 'DAGS_FOLDER/driven_data_pipeline.py', '--cfg-path', '/tmp/tmpufpvcfb3']
[2025-07-06T01:47:48.890+0000] {standard_task_runner.py:105} INFO - Job 49: Subtask run_dbt_staging
[2025-07-06T01:47:48.951+0000] {task_command.py:467} INFO - Running <TaskInstance: extract_raw_data_pipeline.run_dbt_staging manual__2025-07-06T01:47:42.850701+00:00 [running]> on host 3f39a0c54de0
[2025-07-06T01:47:49.036+0000] {taskinstance.py:3131} INFO - Exporting env vars: AIRFLOW_CTX_DAG_OWNER='***' AIRFLOW_CTX_DAG_ID='extract_raw_data_pipeline' AIRFLOW_CTX_TASK_ID='run_dbt_staging' AIRFLOW_CTX_EXECUTION_DATE='2025-07-06T01:47:42.850701+00:00' AIRFLOW_CTX_TRY_NUMBER='1' AIRFLOW_CTX_DAG_RUN_ID='manual__2025-07-06T01:47:42.850701+00:00'
[2025-07-06T01:47:49.038+0000] {taskinstance.py:731} INFO - ::endgroup::
[2025-07-06T01:47:49.050+0000] {subprocess.py:63} INFO - Tmp dir root location: /tmp
[2025-07-06T01:47:49.052+0000] {subprocess.py:75} INFO - Running command: ['/usr/bin/bash', '-c', 'set -x; cd /opt/***/dbt && dbt run --select tag:staging']
[2025-07-06T01:47:49.068+0000] {subprocess.py:86} INFO - Output:
[2025-07-06T01:47:49.071+0000] {subprocess.py:93} INFO - + cd /opt/***/dbt
[2025-07-06T01:47:49.071+0000] {subprocess.py:93} INFO - + dbt run --select tag:staging
[2025-07-06T01:47:51.048+0000] {subprocess.py:93} INFO - [0m01:47:51  Running with dbt=1.8.0
[2025-07-06T01:47:51.322+0000] {subprocess.py:93} INFO - [0m01:47:51  Registered adapter: postgres=1.8.2
[2025-07-06T01:47:51.839+0000] {subprocess.py:93} INFO - [0m01:47:51  Found 9 models, 10 sources, 428 macros
[2025-07-06T01:47:51.843+0000] {subprocess.py:93} INFO - [0m01:47:51
[2025-07-06T01:47:51.974+0000] {subprocess.py:93} INFO - [0m01:47:51  Concurrency: 1 threads (target='dev')
[2025-07-06T01:47:51.976+0000] {subprocess.py:93} INFO - [0m01:47:51
[2025-07-06T01:47:51.988+0000] {subprocess.py:93} INFO - [0m01:47:51  1 of 5 START sql table model driven_staging.dim_address ........................ [RUN]
[2025-07-06T01:47:52.162+0000] {subprocess.py:93} INFO - [0m01:47:52  1 of 5 OK created sql table model driven_staging.dim_address ................... [[32mSELECT 21276[0m in 0.17s]
[2025-07-06T01:47:52.164+0000] {subprocess.py:93} INFO - [0m01:47:52  2 of 5 START sql table model driven_staging.dim_date ........................... [RUN]
[2025-07-06T01:47:52.251+0000] {subprocess.py:93} INFO - [0m01:47:52  2 of 5 OK created sql table model driven_staging.dim_date ...................... [[32mSELECT 21276[0m in 0.08s]
[2025-07-06T01:47:52.254+0000] {subprocess.py:93} INFO - [0m01:47:52  3 of 5 START sql table model driven_staging.dim_finance ........................ [RUN]
[2025-07-06T01:47:52.342+0000] {subprocess.py:93} INFO - [0m01:47:52  3 of 5 OK created sql table model driven_staging.dim_finance ................... [[32mSELECT 21276[0m in 0.09s]
[2025-07-06T01:47:52.344+0000] {subprocess.py:93} INFO - [0m01:47:52  4 of 5 START sql table model driven_staging.dim_person ......................... [RUN]
[2025-07-06T01:47:52.503+0000] {subprocess.py:93} INFO - [0m01:47:52  4 of 5 OK created sql table model driven_staging.dim_person .................... [[32mSELECT 21276[0m in 0.16s]
[2025-07-06T01:47:52.505+0000] {subprocess.py:93} INFO - [0m01:47:52  5 of 5 START sql table model driven_staging.fact_network_usage ................. [RUN]
[2025-07-06T01:47:52.593+0000] {subprocess.py:93} INFO - [0m01:47:52  5 of 5 OK created sql table model driven_staging.fact_network_usage ............ [[32mSELECT 21276[0m in 0.09s]
[2025-07-06T01:47:52.609+0000] {subprocess.py:93} INFO - [0m01:47:52
[2025-07-06T01:47:52.610+0000] {subprocess.py:93} INFO - [0m01:47:52  Finished running 5 table models in 0 hours 0 minutes and 0.77 seconds (0.77s).
[2025-07-06T01:47:52.660+0000] {subprocess.py:93} INFO - [0m01:47:52
[2025-07-06T01:47:52.661+0000] {subprocess.py:93} INFO - [0m01:47:52  [32mCompleted successfully[0m
[2025-07-06T01:47:52.661+0000] {subprocess.py:93} INFO - [0m01:47:52
[2025-07-06T01:47:52.662+0000] {subprocess.py:93} INFO - [0m01:47:52  Done. PASS=5 WARN=0 ERROR=0 SKIP=0 TOTAL=5
[2025-07-06T01:47:53.232+0000] {subprocess.py:97} INFO - Command exited with return code 0
[2025-07-06T01:47:53.263+0000] {taskinstance.py:340} INFO - ::group::Post task execution logs
[2025-07-06T01:47:53.263+0000] {taskinstance.py:352} INFO - Marking task as SUCCESS. dag_id=extract_raw_data_pipeline, task_id=run_dbt_staging, run_id=manual__2025-07-06T01:47:42.850701+00:00, execution_date=20250706T014742, start_date=20250706T014748, end_date=20250706T014753
[2025-07-06T01:47:53.318+0000] {local_task_job_runner.py:266} INFO - Task exited with return code 0
[2025-07-06T01:47:53.339+0000] {taskinstance.py:3900} INFO - 1 downstream tasks scheduled from follow-on schedule check
[2025-07-06T01:47:53.343+0000] {local_task_job_runner.py:245} INFO - ::endgroup::
